---
source: tests/openapi_auth_success_snapshot.rs
expression: schema
---
{
  "type": "object",
  "description": "統一認証レスポンス (login/register 用)\n\ntokens オブジェクトに加え、後方互換のため従来フラットなフィールド (access_token / refresh_token / biscuit_token / expires_in / session_id / token) も保持する。",
  "required": [
    "success",
    "tokens",
    "user",
    "access_token",
    "refresh_token",
    "biscuit_token",
    "expires_in",
    "session_id",
    "token"
  ],
  "properties": {
    "success": {
      "type": "boolean"
    },
    "tokens": {
      "$ref": "#/components/schemas/AuthTokens"
    },
    "user": {
      "$ref": "#/components/schemas/UserInfo"
    },
    "access_token": {
      "type": "string",
      "deprecated": true
    },
    "refresh_token": {
      "type": "string",
      "deprecated": true
    },
    "biscuit_token": {
      "type": "string",
      "deprecated": true
    },
    "expires_in": {
      "type": "integer",
      "format": "int64",
      "deprecated": true
    },
    "session_id": {
      "type": "string",
      "deprecated": true
    },
    "token": {
      "type": "string",
      "description": "旧クライアント互換 (token == access_token)",
      "deprecated": true
    }
  }
}
